
> frontend@0.0.0 build
> vite build

[36mvite v8.0.7 [32mbuilding client environment for production...[36m[39m
[2K
transforming...Ô£ô 2197 modules transformed.
rendering chunks...
node.exe : [31mÔ£ù[39m Build failed in 458ms
No C:\Program Files\nodejs\npm.ps1:29 
caractere:3
+   & $NODE_EXE $NPM_CLI_JS $args
+   ~~~~~~~~~~~~~~~~~~~~~~~~~~~~~
    + CategoryInfo          : NotSpecified: ([ 
   31mÔ£ù[39m Build failed in 458ms:String) [  
  ], RemoteException
    + FullyQualifiedErrorId : NativeCommandErro 
   r
 
[31merror during build:
[31mBuild failed with 3 errors:

[31m[MISSING_EXPORT] Error:[0m "Github" is 
not exported by "node_modules/lucide-react/dist/
esm/lucide-react.js".
   [38;5;246mÔò¡[0m[38;5;246mÔöÇ[0m[38;5;24
6m[[0m src/components/layout/Footer.jsx:2:10 
[38;5;246m][0m
   [38;5;246mÔöé[0m
 [38;5;246m2 Ôöé[0m [38;5;249mi[0m[38;5;249
mm[0m[38;5;249mp[0m[38;5;249mo[0m[38;5;249
mr[0m[38;5;249mt[0m[38;5;249m 
[0m[38;5;249m{[0m[38;5;249m 
[0mGithub[38;5;249m,[0m[38;5;249m [0m[38;5
;249mL[0m[38;5;249mi[0m[38;5;249mn[0m[38;5
;249mk[0m[38;5;249me[0m[38;5;249md[0m[38;5
;249mi[0m[38;5;249mn[0m[38;5;249m,[0m[38;5
;249m [0m[38;5;249mM[0m[38;5;249ma[0m[38;5
;249mi[0m[38;5;249ml[0m[38;5;249m,[0m[38;5
;249m [0m[38;5;249mI[0m[38;5;249mn[0m[38;5
;249ms[0m[38;5;249mt[0m[38;5;249ma[0m[38;5
;249mg[0m[38;5;249mr[0m[38;5;249ma[0m[38;5
;249mm[0m[38;5;249m,[0m[38;5;249m [0m[38;5
;249mM[0m[38;5;249me[0m[38;5;249ms[0m[38;5
;249ms[0m[38;5;249ma[0m[38;5;249mg[0m[38;5
;249me[0m[38;5;249mC[0m[38;5;249mi[0m[38;5
;249mr[0m[38;5;249mc[0m[38;5;249ml[0m[38;5
;249me[0m[38;5;249m,[0m[38;5;249m [0m[38;5
;249mH[0m[38;5;249me[0m[38;5;249ma[0m[38;5
;249mr[0m[38;5;249mt[0m[38;5;249m,[0m[38;5
;249m [0m[38;5;249mA[0m[38;5;249mr[0m[38;5
;249mr[0m[38;5;249mo[0m[38;5;249mw[0m[38;5
;249mU[0m[38;5;249mp[0m[38;5;249mR[0m[38;5
;249mi[0m[38;5;249mg[0m[38;5;249mh[0m[38;5
;249mt[0m[38;5;249m 
[0m[38;5;249m}[0m[38;5;249m [0m[38;5;249mf
[0m[38;5;249mr[0m[38;5;249mo[0m[38;5;249mm
[0m[38;5;249m [0m[38;5;249m"[0m[38;5;249ml
[0m[38;5;249mu[0m[38;5;249mc[0m[38;5;249mi
[0m[38;5;249md[0m[38;5;249me[0m[38;5;249m-
[0m[38;5;249mr[0m[38;5;249me[0m[38;5;249ma
[0m[38;5;249mc[0m[38;5;249mt[0m[38;5;249m"
[0m[38;5;249m;[0m
 [38;5;240m  Ôöé[0m          
ÔöÇÔöÇÔöÇÔö¼ÔöÇÔöÇ  
 [38;5;240m  Ôöé[0m             
Ôò░ÔöÇÔöÇÔöÇÔöÇ Missing export
[38;5;246mÔöÇÔöÇÔöÇÔò»[0m

[31m[MISSING_EXPORT] Error:[0m "Linkedin" is 
not exported by "node_modules/lucide-react/dist/
esm/lucide-react.js".
   [38;5;246mÔò¡[0m[38;5;246mÔöÇ[0m[38;5;24
6m[[0m src/components/layout/Footer.jsx:2:18 
[38;5;246m][0m
   [38;5;246mÔöé[0m
 [38;5;246m2 Ôöé[0m [38;5;249mi[0m[38;5;249
mm[0m[38;5;249mp[0m[38;5;249mo[0m[38;5;249
mr[0m[38;5;249mt[0m[38;5;249m 
[0m[38;5;249m{[0m[38;5;249m [0m[38;5;249mG
[0m[38;5;249mi[0m[38;5;249mt[0m[38;5;249mh
[0m[38;5;249mu[0m[38;5;249mb[0m[38;5;249m,
[0m[38;5;249m 
[0mLinkedin[38;5;249m,[0m[38;5;249m [0m[38
;5;249mM[0m[38;5;249ma[0m[38;5;249mi[0m[38
;5;249ml[0m[38;5;249m,[0m[38;5;249m [0m[38
;5;249mI[0m[38;5;249mn[0m[38;5;249ms[0m[38
;5;249mt[0m[38;5;249ma[0m[38;5;249mg[0m[38
;5;249mr[0m[38;5;249ma[0m[38;5;249mm[0m[38
;5;249m,[0m[38;5;249m [0m[38;5;249mM[0m[38
;5;249me[0m[38;5;249ms[0m[38;5;249ms[0m[38
;5;249ma[0m[38;5;249mg[0m[38;5;249me[0m[38
;5;249mC[0m[38;5;249mi[0m[38;5;249mr[0m[38
;5;249mc[0m[38;5;249ml[0m[38;5;249me[0m[38
;5;249m,[0m[38;5;249m [0m[38;5;249mH[0m[38
;5;249me[0m[38;5;249ma[0m[38;5;249mr[0m[38
;5;249mt[0m[38;5;249m,[0m[38;5;249m [0m[38
;5;249mA[0m[38;5;249mr[0m[38;5;249mr[0m[38
;5;249mo[0m[38;5;249mw[0m[38;5;249mU[0m[38
;5;249mp[0m[38;5;249mR[0m[38;5;249mi[0m[38
;5;249mg[0m[38;5;249mh[0m[38;5;249mt[0m[38
;5;249m [0m[38;5;249m}[0m[38;5;249m [0m[38
;5;249mf[0m[38;5;249mr[0m[38;5;249mo[0m[38
;5;249mm[0m[38;5;249m [0m[38;5;249m"[0m[38
;5;249ml[0m[38;5;249mu[0m[38;5;249mc[0m[38
;5;249mi[0m[38;5;249md[0m[38;5;249me[0m[38
;5;249m-[0m[38;5;249mr[0m[38;5;249me[0m[38
;5;249ma[0m[38;5;249mc[0m[38;5;249mt[0m[38
;5;249m"[0m[38;5;249m;[0m
 [38;5;240m  Ôöé[0m                  
ÔöÇÔöÇÔöÇÔöÇÔö¼ÔöÇÔöÇÔöÇ  
 [38;5;240m  Ôöé[0m                      
Ôò░ÔöÇÔöÇÔöÇÔöÇÔöÇ Missing export
[38;5;246mÔöÇÔöÇÔöÇÔò»[0m

[31m[MISSING_EXPORT] Error:[0m "Instagram" is 
not exported by "node_modules/lucide-react/dist/
esm/lucide-react.js".
   [38;5;246mÔò¡[0m[38;5;246mÔöÇ[0m[38;5;24
6m[[0m src/components/layout/Footer.jsx:2:34 
[38;5;246m][0m
   [38;5;246mÔöé[0m
 [38;5;246m2 Ôöé[0m [38;5;249mi[0m[38;5;249
mm[0m[38;5;249mp[0m[38;5;249mo[0m[38;5;249
mr[0m[38;5;249mt[0m[38;5;249m 
[0m[38;5;249m{[0m[38;5;249m [0m[38;5;249mG
[0m[38;5;249mi[0m[38;5;249mt[0m[38;5;249mh
[0m[38;5;249mu[0m[38;5;249mb[0m[38;5;249m,
[0m[38;5;249m [0m[38;5;249mL[0m[38;5;249mi
[0m[38;5;249mn[0m[38;5;249mk[0m[38;5;249me
[0m[38;5;249md[0m[38;5;249mi[0m[38;5;249mn
[0m[38;5;249m,[0m[38;5;249m [0m[38;5;249mM
[0m[38;5;249ma[0m[38;5;249mi[0m[38;5;249ml
[0m[38;5;249m,[0m[38;5;249m 
[0mInstagram[38;5;249m,[0m[38;5;249m [0m[3
8;5;249mM[0m[38;5;249me[0m[38;5;249ms[0m[3
8;5;249ms[0m[38;5;249ma[0m[38;5;249mg[0m[3
8;5;249me[0m[38;5;249mC[0m[38;5;249mi[0m[3
8;5;249mr[0m[38;5;249mc[0m[38;5;249ml[0m[3
8;5;249me[0m[38;5;249m,[0m[38;5;249m [0m[3
8;5;249mH[0m[38;5;249me[0m[38;5;249ma[0m[3
8;5;249mr[0m[38;5;249mt[0m[38;5;249m,[0m[3
8;5;249m [0m[38;5;249mA[0m[38;5;249mr[0m[3
8;5;249mr[0m[38;5;249mo[0m[38;5;249mw[0m[3
8;5;249mU[0m[38;5;249mp[0m[38;5;249mR[0m[3
8;5;249mi[0m[38;5;249mg[0m[38;5;249mh[0m[3
8;5;249mt[0m[38;5;249m 
[0m[38;5;249m}[0m[38;5;249m [0m[38;5;249mf
[0m[38;5;249mr[0m[38;5;249mo[0m[38;5;249mm
[0m[38;5;249m [0m[38;5;249m"[0m[38;5;249ml
[0m[38;5;249mu[0m[38;5;249mc[0m[38;5;249mi
[0m[38;5;249md[0m[38;5;249me[0m[38;5;249m-
[0m[38;5;249mr[0m[38;5;249me[0m[38;5;249ma
[0m[38;5;249mc[0m[38;5;249mt[0m[38;5;249m"
[0m[38;5;249m;[0m
 [38;5;240m  Ôöé[0m                           
       ÔöÇÔöÇÔöÇÔöÇÔö¼ÔöÇÔöÇÔöÇÔöÇ  
 [38;5;240m  Ôöé[0m                           
           Ôò░ÔöÇÔöÇÔöÇÔöÇÔöÇÔöÇ Missing export
[38;5;246mÔöÇÔöÇÔöÇÔò»[0m
[31m
    at aggregateBindingErrorsIntoJsError (file:/
//C:/Users/User/portfolioDevDorth/frontend/node_
modules/rolldown/dist/shared/error-DBGOT6sf.mjs:
48:18)
    at unwrapBindingResult (file:///C:/Users/Use
r/portfolioDevDorth/frontend/node_modules/rolldo
wn/dist/shared/error-DBGOT6sf.mjs:18:128)
    at #build (file:///C:/Users/User/portfolioDe
vDorth/frontend/node_modules/rolldown/dist/share
d/rolldown-build-hRnqgxyz.mjs:3313:34)
    at async buildEnvironment (file:///C:/Users/
User/portfolioDevDorth/frontend/node_modules/vit
e/dist/node/chunks/node.js:32954:64)
    at async Object.build (file:///C:/Users/User
/portfolioDevDorth/frontend/node_modules/vite/di
st/node/chunks/node.js:33376:19)
    at async Object.buildApp (file:///C:/Users/U
ser/portfolioDevDorth/frontend/node_modules/vite
/dist/node/chunks/node.js:33373:153)
    at async CAC.<anonymous> (file:///C:/Users/U
ser/portfolioDevDorth/frontend/node_modules/vite
/dist/node/cli.js:778:3) {
  errors: [Getter/Setter]
}[39m
